[backblue.gif]
[fade.gif]
[index.html]
[en.m.wikipedia.org/wiki/Karratha,_Western_Australia.html]
[en.wikipedia.org/w/index302d.html]
[en.wikipedia.org/static/apple-touch/wikipedia.png]
[en.wikipedia.org/static/favicon/wikipedia.ico]
[en.wikipedia.org/w/rest.php/v1/search]
[en.wikipedia.org/w/api-result251f.xml]
[en.wikipedia.org/wiki/Karratha,_Western_Australia.html]
[creativecommons.org/licenses/by-sa/4.0/deed.html]
[file/C_/Users/Sam/Desktop/Karratha, Western Australia - Wikipedia_files/wikipedia.png]
[file/C_/Users/Sam/Desktop/Karratha, Western Australia - Wikipedia_files/WMA_button2b.png.webp]
[file/C_/Users/Sam/Desktop/Karratha, Western Australia - Wikipedia_files/Karratha,_Western_Australia_002.jpg]
[file/C_/Users/Sam/Desktop/Karratha, Western Australia - Wikipedia_files/Australia_Western_Australia_location_map.svg.webp]
[file/C_/Users/Sam/Desktop/Karratha, Western Australia - Wikipedia_files/Red_pog.svg.webp]
[file/C_/Users/Sam/Downloads/122121 - SoyBooru.png]
[file/C_/Users/Sam/Pictures/Screenshots/Screenshot 2025-08-08 214654.png]
[file/C_/Users/Sam/Pictures/Screenshots/Screenshot 2025-08-09 001537.png]
[file/C_/Users/Sam/Desktop/Karratha, Western Australia - Wikipedia_files/OOjs_UI_icon_edit-ltr-progressive.svg.webp]
[file/C_/Users/Sam/Desktop/Karratha, Western Australia - Wikipedia_files/Commons-logo.svg_002.webp]
[file/C_/Users/Sam/Desktop/Karratha, Western Australia - Wikipedia_files/Flag_of_Western_Australia.svg.webp]
[file/C_/karratha.html]
[file/C_/Users/Sam/Desktop/Karratha, Western Australia - Wikipedia_files/load.css]
[file/C_/Users/Sam/Desktop/Karratha, Western Australia - Wikipedia_files/load_002.css]
[upload.wikimedia.org/index.html]
[en.m.wikipedia.org/wiki/Karratha,_Western_Australia.html]
[en.wikipedia.org/w/index302d.html]
[en.wikipedia.org/wiki/Karratha,_Western_Australia.html]
[creativecommons.org/licenses/by-sa/4.0/deed.html]
[meta.wikimedia.org/index.html]
[file/C_/Users/Sam/Desktop/Karratha, Western Australia - Wikipedia_files/wikipedia-wordmark-en.svg]
[file/C_/Users/Sam/Desktop/Karratha, Western Australia - Wikipedia_files/wikipedia-tagline-en.svg]
[file/C_/Users/Sam/Desktop/Karratha, Western Australia - Wikipedia_files/wikimedia.svg]
[file/C_/Users/Sam/Desktop/Karratha, Western Australia - Wikipedia_files/mediawiki_compact.svg]
[file/C_/mw-data_TemplateStyles_r1238218222]
[file/C_/mw-data_TemplateStyles_r1129693374]
[file/C_/mw-data_TemplateStyles_r1236075235]
[file/C_/mw-data_TemplateStyles_r1239400231]
